// Jest Snapshot v1, https://goo.gl/fbAQLP

exports[`NewsContainer should match the snapshot 1`] = `
<div
  className="NewsContainer"
>
  <NewsArticle />
  <NewsArticle />
  <NewsArticle />
</div>
`;
