// Jest Snapshot v1, https://goo.gl/fbAQLP

exports[`Form should match the snapshot 1`] = `
<form>
  <input
    name="title"
    onChange={[Function]}
    placeholder="Title..."
    type="text"
    value=""
  />
  <button
    className="submit-btn"
    name="submit-btn"
    onClick={[Function]}
    type="submit"
  >
    Submit Idea
  </button>
</form>
`;
